2026-04-04 19:01:23,219     INFO [client_id=n/a] 138002486691520 server.py:35 AI Analyzer 1.7.0.dev20260130181427+g301504b8 serving on http://localhost:8000/dashboard?token=AK2QH4oMbu07sQKj6j6gct3voxUDjty4fTksieoS0 (Press CTRL+C to quit)
2026-04-04 19:01:26,220     INFO [client_id=n/a] 138002496132800 browser.py:30 Opening http://localhost:8000/dashboard?token=AK2QH4oMbu07sQKj6j6gct3voxUDjty4fTksieoS0 in the default web browser...
2026-04-04 19:03:05,431     INFO [client_id=n/a] 128405026633408 server.py:35 AI Analyzer 1.7.0.dev20260130181427+g301504b8 serving on http://localhost:8000/dashboard?token=GzKZUZxesjfKv76uAWuUbWMS9Sqw0mwNMvWAarEeN6k (Press CTRL+C to quit)
2026-04-04 19:03:08,434     INFO [client_id=n/a] 128405107545792 browser.py:30 Opening http://localhost:8000/dashboard?token=GzKZUZxesjfKv76uAWuUbWMS9Sqw0mwNMvWAarEeN6k in the default web browser...
2026-04-04 19:04:53,181     INFO [client_id=n/a] 140641624557248 server.py:35 AI Analyzer 1.7.0.dev20260130181427+g301504b8 serving on http://localhost:8000/dashboard?token=3FpLlUot58Q4OsWwNnoM9V46DBvRCLuBV1YxHtulJrM (Press CTRL+C to quit)
2026-04-04 19:04:56,182     INFO [client_id=n/a] 140641633998528 browser.py:30 Opening http://localhost:8000/dashboard?token=3FpLlUot58Q4OsWwNnoM9V46DBvRCLuBV1YxHtulJrM in the default web browser...
2026-04-05 00:01:39,560     INFO [client_id=n/a] 127458513774272 server.py:35 AI Analyzer 1.7.0.dev20260130181427+g301504b8 serving on http://localhost:8000/dashboard?token=wGQyuqSx1sJfhf0Twfro3kVlDrjVfUtBO7vu4bkiM (Press CTRL+C to quit)
2026-04-05 00:01:42,562     INFO [client_id=n/a] 127458523215552 browser.py:30 Opening http://localhost:8000/dashboard?token=wGQyuqSx1sJfhf0Twfro3kVlDrjVfUtBO7vu4bkiM in the default web browser...
2026-04-05 00:08:12,485     INFO [client_id=n/a] 140428510926528 server.py:35 AI Analyzer 1.7.0.dev20260130181427+g301504b8 serving on http://localhost:8000/dashboard?token=Fj5CYvdGcOzLpZLK0HOg98y9uBelVTtPRP3oWEXT1M (Press CTRL+C to quit)
2026-04-05 00:25:11,283     INFO [client_id=n/a] 128660400150208 server.py:35 AI Analyzer 1.7.0.dev20260130181427+g301504b8 serving on http://localhost:8000/dashboard?token=BdeKQjIBWCNvns6ivO2eGgIVumAkOz8m5MFOAiKeI (Press CTRL+C to quit)
2026-04-05 00:25:25,687     INFO [client_id=n/a] 130427719419584 server.py:35 AI Analyzer 1.7.0.dev20260130181427+g301504b8 serving on http://localhost:8000/dashboard?token=xluPncFFd4ymOrmiTquoHwcK1F61VaIC4ViJvqhVXA (Press CTRL+C to quit)
2026-04-05 00:25:28,688     INFO [client_id=n/a] 130427728860864 browser.py:30 Opening http://localhost:8000/dashboard?token=xluPncFFd4ymOrmiTquoHwcK1F61VaIC4ViJvqhVXA in the default web browser...
2026-04-05 00:30:54,690     INFO [client_id=n/a] 140587524327104 server.py:35 AI Analyzer 1.7.0.dev20260130181427+g301504b8 serving on http://localhost:8000/dashboard?token=Wt5NBgNUEYeuWwLIPJgW9ayyDxYUnEp9INwh8qhQ (Press CTRL+C to quit)
2026-04-05 00:30:57,692     INFO [client_id=n/a] 140587533768384 browser.py:30 Opening http://localhost:8000/dashboard?token=Wt5NBgNUEYeuWwLIPJgW9ayyDxYUnEp9INwh8qhQ in the default web browser...
2026-04-05 00:44:58,665     INFO [client_id=n/a] 132837965559488 server.py:35 AI Analyzer 1.7.0.dev20260130181427+g301504b8 serving on http://localhost:8000/dashboard?token=VZCfKWnmQoQhnB4WLnDl1FID9GDoxouYCWmTMY6bY (Press CTRL+C to quit)
2026-04-05 00:50:17,134     INFO [client_id=n/a] 133886155851456 server.py:35 AI Analyzer 1.7.0.dev20260130181427+g301504b8 serving on http://localhost:8000/dashboard?token=o9aOCgrx1VK0F9831Ifxw9wb28wLu1U9N8qmoXGrA (Press CTRL+C to quit)
2026-04-05 00:50:20,136     INFO [client_id=n/a] 133886165292736 browser.py:30 Opening http://localhost:8000/dashboard?token=o9aOCgrx1VK0F9831Ifxw9wb28wLu1U9N8qmoXGrA in the default web browser...
2026-04-05 00:50:52,325     INFO [client_id=n/a] 128793310303936 server.py:35 AI Analyzer 1.7.0.dev20260130181427+g301504b8 serving on http://localhost:8000/dashboard?token=Drq8Ba1B0Af71RzMfqWeOAMWupzwRk8TRwL68BekxU (Press CTRL+C to quit)
2026-04-05 00:51:20,037     INFO [client_id=n/a] 131153067505344 server.py:35 AI Analyzer 1.7.0.dev20260130181427+g301504b8 serving on http://localhost:8000/dashboard?token=DL4ikEvPFoobomayozdh7ztPSykistWz9iiSqL1F0Q (Press CTRL+C to quit)
2026-04-05 00:52:27,334     INFO [client_id=n/a] 140663519876800 server.py:35 AI Analyzer 1.7.0.dev20260130181427+g301504b8 serving on http://localhost:8000/dashboard?token=YpUE7tKHTfmQO0ZRTKuzsNhPmhIgcAo8eW2bX0AnS4 (Press CTRL+C to quit)
2026-04-05 01:01:25,663     INFO [client_id=n/a] 139721124607680 server.py:35 AI Analyzer 1.7.0.dev20260130181427+g301504b8 serving on http://localhost:8000/dashboard?token=fL7X7VXgUi7OcDE4zOtabKKuFxDMIjkzMWWCr4zU3hM (Press CTRL+C to quit)
2026-04-05 01:01:28,666     INFO [client_id=n/a] 139721207617216 browser.py:30 Opening http://localhost:8000/dashboard?token=fL7X7VXgUi7OcDE4zOtabKKuFxDMIjkzMWWCr4zU3hM in the default web browser...
2026-04-05 01:01:51,780     INFO [client_id=n/a] 127840679007936 server.py:35 AI Analyzer 1.7.0.dev20260130181427+g301504b8 serving on http://localhost:8000/dashboard?token=kA3KGaig8ej10ezGAm64RR3tEp4xnAGdkghL8V5r39w (Press CTRL+C to quit)
2026-04-05 01:06:43,925     INFO [client_id=n/a] 131027954734784 server.py:35 AI Analyzer 1.7.0.dev20260130181427+g301504b8 serving on http://localhost:8000/dashboard?token=xkaYro8zsDlZL9nAWpYpKxBfulAm98VlIj11JUa68 (Press CTRL+C to quit)
2026-04-05 01:27:38,362     INFO [client_id=n/a] 130451175896768 server.py:35 AI Analyzer 1.7.0.dev20260130181427+g301504b8 serving on http://localhost:8000/dashboard?token=ug6SBOKJcwx2qKdZr36eSfnbkfgoYhnlQAvUR2ITw (Press CTRL+C to quit)
2026-04-05 01:29:43,800     INFO [client_id=n/a] 131646914467520 server.py:35 AI Analyzer 1.7.0.dev20260130181427+g301504b8 serving on http://localhost:8000/dashboard?token=a35PN6NeyfEd3xu85nmMowdbvKqNO5enEZRdmopmls (Press CTRL+C to quit)
2026-04-05 01:32:27,216     INFO [client_id=n/a] 127169082685120 server.py:35 AI Analyzer 1.7.0.dev20260130181427+g301504b8 serving on http://localhost:8000/dashboard?token=tMEdqF2Nmt9TLUsNZq0JNsUTDeHFi34H6QUBibzX2Fk (Press CTRL+C to quit)
2026-04-05 02:29:40,465     INFO [client_id=n/a] 126012833654464 server.py:35 AI Analyzer 1.7.0.dev20260130181427+g301504b8 serving on http://localhost:8000/dashboard?token=q5cSe2i6jygnV6UCy3ADNfUTphyq16J4lDOgbqsIhDA (Press CTRL+C to quit)
2026-04-05 02:29:43,467     INFO [client_id=n/a] 126012854630080 browser.py:30 Opening http://localhost:8000/dashboard?token=q5cSe2i6jygnV6UCy3ADNfUTphyq16J4lDOgbqsIhDA in the default web browser...
2026-04-05 17:38:45,623     INFO [client_id=n/a] 135269339793088 server.py:35 AI Analyzer 1.7.0.dev20260130181427+g301504b8 serving on http://localhost:8000/dashboard?token=lQ3xzjxNrcVSCg1Ul5fB7W9Yiq2066eusURWUQylOYo (Press CTRL+C to quit)
2026-04-05 17:38:48,624     INFO [client_id=n/a] 135269360768704 browser.py:30 Opening http://localhost:8000/dashboard?token=lQ3xzjxNrcVSCg1Ul5fB7W9Yiq2066eusURWUQylOYo in the default web browser...
2026-04-08 11:44:47,281     INFO [client_id=n/a] 133694270469824 server.py:35 AI Analyzer 1.7.0.dev20260130181427+g301504b8 serving on http://localhost:8000/dashboard?token=RYHJtSUqwUCrK31lFY4J9DMfXROjI0lua4c8Uukb4 (Press CTRL+C to quit)
2026-04-08 11:44:50,283     INFO [client_id=n/a] 133694640789184 browser.py:30 Opening http://localhost:8000/dashboard?token=RYHJtSUqwUCrK31lFY4J9DMfXROjI0lua4c8Uukb4 in the default web browser...
